
**** 01/12/25 11:37:22 ******* PSpice Lite (March 2016) ******* ID# 10813 ****

 ** Profile: "SCHEMATIC1-lab1_task5_sim"  [ C:\Users\asada\Desktop\Basic Electronics\Lab01\Lab1_task5-PSpiceFiles\SCHEMATIC1\lab1_tas


 ****     CIRCUIT DESCRIPTION


******************************************************************************




** Creating circuit file "lab1_task5_sim.cir" 
** WARNING: THIS AUTOMATICALLY GENERATED FILE MAY BE OVERWRITTEN BY SUBSEQUENT SIMULATIONS

*Libraries: 
* Profile Libraries :
* Local Libraries :
.LIB "../../../lab1_task5-pspicefiles/lab1_task5.lib" 
* From [PSPICE NETLIST] section of C:\Users\asada\AppData\Roaming\SPB_Data\cdssetup\OrCAD_PSpice\17.2.0\PSpice.ini file:
.lib "nomd.lib" 

*Analysis directives: 
.DC LIN V_V1 0.1 30 0.1 
.OPTIONS ADVCONV
.PROBE64 V(alias(*)) I(alias(*)) W(alias(*)) D(alias(*)) NOISE(alias(*)) 
.INC "..\SCHEMATIC1.net" 



**** INCLUDING SCHEMATIC1.net ****
* source LAB1_TASK5
V_V1         N01159 0 15
R_R1         N01159 N01710  1k TC=0,0 
X_D1         N01710 0 LED PARAMS: IS=1.7603e-027 RS=2  BV=5 IBV=10e-6         

**** RESUMING lab1_task5_sim.cir ****
.END

**** 01/12/25 11:37:22 ******* PSpice Lite (March 2016) ******* ID# 10813 ****

 ** Profile: "SCHEMATIC1-lab1_task5_sim"  [ C:\Users\asada\Desktop\Basic Electronics\Lab01\Lab1_task5-PSpiceFiles\SCHEMATIC1\lab1_tas


 ****     Diode MODEL PARAMETERS


******************************************************************************




               X_D1.model201   
          IS    1.760300E-27 
           N    2            
          BV    5            
         IBV   10.000000E-06 
          RS    2            



          JOB CONCLUDED

**** 01/12/25 11:37:22 ******* PSpice Lite (March 2016) ******* ID# 10813 ****

 ** Profile: "SCHEMATIC1-lab1_task5_sim"  [ C:\Users\asada\Desktop\Basic Electronics\Lab01\Lab1_task5-PSpiceFiles\SCHEMATIC1\lab1_tas


 ****     JOB STATISTICS SUMMARY


******************************************************************************



  Total job time (using Solver 1)   =         .11
