
**** 01/10/25 12:44:05 ******* PSpice Lite (March 2016) ******* ID# 10813 ****

 ** Profile: "SCHEMATIC1-lab1_task3_sim1"  [ C:\Users\asada\Desktop\Basic Electronics\Lab01\Lab01_task3-PSpiceFiles\SCHEMATIC1\lab1_t


 ****     CIRCUIT DESCRIPTION


******************************************************************************




** Creating circuit file "lab1_task3_sim1.cir" 
** WARNING: THIS AUTOMATICALLY GENERATED FILE MAY BE OVERWRITTEN BY SUBSEQUENT SIMULATIONS

*Libraries: 
* Profile Libraries :
* Local Libraries :
.LIB "../../../lab01_task3-pspicefiles/lab01_task3.lib" 
* From [PSPICE NETLIST] section of C:\Users\asada\AppData\Roaming\SPB_Data\cdssetup\OrCAD_PSpice\17.2.0\PSpice.ini file:
.lib "nomd.lib" 

*Analysis directives: 
.DC LIN V_V1 0.1 150 0.1 
.OPTIONS ADVCONV
.PROBE64 V(alias(*)) I(alias(*)) W(alias(*)) D(alias(*)) NOISE(alias(*)) 
.INC "..\SCHEMATIC1.net" 



**** INCLUDING SCHEMATIC1.net ****
* source LAB01_TASK3
V_V1         N00113 0 10
R_R1         N00113 N00106  100 TC=0,0 
D_D1         0 N00106 1N34A 

**** RESUMING lab1_task3_sim1.cir ****
.END

**** 01/10/25 12:44:05 ******* PSpice Lite (March 2016) ******* ID# 10813 ****

 ** Profile: "SCHEMATIC1-lab1_task3_sim1"  [ C:\Users\asada\Desktop\Basic Electronics\Lab01\Lab01_task3-PSpiceFiles\SCHEMATIC1\lab1_t


 ****     Diode MODEL PARAMETERS


******************************************************************************




               1N34A           
          IS  200.000000E-09 
           N    1.3          
          BV   75            
         IBV     .018        
          RS    7            
         CJO  500.000000E-15 
          VJ     .1          
           M     .27         
          EG     .67         



          JOB CONCLUDED

**** 01/10/25 12:44:05 ******* PSpice Lite (March 2016) ******* ID# 10813 ****

 ** Profile: "SCHEMATIC1-lab1_task3_sim1"  [ C:\Users\asada\Desktop\Basic Electronics\Lab01\Lab01_task3-PSpiceFiles\SCHEMATIC1\lab1_t


 ****     JOB STATISTICS SUMMARY


******************************************************************************



  Total job time (using Solver 1)   =         .05
