
**** 03/25/25 17:17:53 ******* PSpice Lite (March 2016) ******* ID# 10813 ****

 ** Profile: "SCHEMATIC1-si_10"  [ C:\Users\asada\Desktop\Assignments and Resources\Basic Electronics\Lab03\lb10-PSpiceFiles\SCHEMATI


 ****     CIRCUIT DESCRIPTION


******************************************************************************




** Creating circuit file "si_10.cir" 
** WARNING: THIS AUTOMATICALLY GENERATED FILE MAY BE OVERWRITTEN BY SUBSEQUENT SIMULATIONS

*Libraries: 
* Profile Libraries :
* Local Libraries :
* From [PSPICE NETLIST] section of C:\Users\asada\AppData\Roaming\SPB_Data\cdssetup\OrCAD_PSpice\17.2.0\PSpice.ini file:
.lib "nomd.lib" 

*Analysis directives: 
.DC LIN V_V2 0 10 1 
.OPTIONS ADVCONV
.PROBE64 V(alias(*)) I(alias(*)) W(alias(*)) D(alias(*)) NOISE(alias(*)) 
.INC "..\SCHEMATIC1.net" 



**** INCLUDING SCHEMATIC1.net ****
* source LB10
X_U1         N00177 N00155 0 2N7000
R_R1         N00177 N00169  1k TC=0,0 
V_V1         N00155 0 0Vdc
V_V2         N00169 0 10V

**** RESUMING si_10.cir ****
.END

**** 03/25/25 17:17:53 ******* PSpice Lite (March 2016) ******* ID# 10813 ****

 ** Profile: "SCHEMATIC1-si_10"  [ C:\Users\asada\Desktop\Assignments and Resources\Basic Electronics\Lab03\lb10-PSpiceFiles\SCHEMATI


 ****     Diode MODEL PARAMETERS


******************************************************************************




               X_U1.DBD        
          IS   48.116150E-15 
          BV   75            
         IBV   10.000000E-06 
          RS    1.000000E-06 
          TT   30.000000E-09 
         CJO   16.940000E-12 
          VJ     .5          
           M     .2          


**** 03/25/25 17:17:53 ******* PSpice Lite (March 2016) ******* ID# 10813 ****

 ** Profile: "SCHEMATIC1-si_10"  [ C:\Users\asada\Desktop\Assignments and Resources\Basic Electronics\Lab03\lb10-PSpiceFiles\SCHEMATI


 ****     MOSFET MODEL PARAMETERS


******************************************************************************




               X_U1.MINT       
               NMOS            
       LEVEL    3            
           L  100.000000E-06 
           W  100.000000E-06 
         VTO    2.148821     
          KP     .5106       
       GAMMA    0            
         PHI     .6          
      LAMBDA    0            
          IS    1.000000E-24 
          JS    0            
          PB     .8          
        PBSW     .8          
          CJ    0            
        CJSW    0            
        CGSO    0            
        CGDO    0            
        CGBO    0            
         TOX  100.000000E-09 
          XJ    0            
       UCRIT   10.000000E+03 
        VMAX    1.000000E+03 
         ETA    0            
      DIOMOD    1            
         VFB    0            
        LETA    0            
        WETA    0            
          U0  600            
        TEMP    0            
         VDD    5            
       XPART    0            



          JOB CONCLUDED

**** 03/25/25 17:17:53 ******* PSpice Lite (March 2016) ******* ID# 10813 ****

 ** Profile: "SCHEMATIC1-si_10"  [ C:\Users\asada\Desktop\Assignments and Resources\Basic Electronics\Lab03\lb10-PSpiceFiles\SCHEMATI


 ****     JOB STATISTICS SUMMARY


******************************************************************************



  Total job time (using Solver 1)   =         .06
