
**** 03/26/25 17:12:20 ******* PSpice Lite (March 2016) ******* ID# 10813 ****

 ** Profile: "SCHEMATIC1-si11"  [ C:\Users\asada\Desktop\Assignments and Resources\Basic Electronics\Lab03\lab11-PSpiceFiles\SCHEMATI


 ****     CIRCUIT DESCRIPTION


******************************************************************************




** Creating circuit file "si11.cir" 
** WARNING: THIS AUTOMATICALLY GENERATED FILE MAY BE OVERWRITTEN BY SUBSEQUENT SIMULATIONS

*Libraries: 
* Profile Libraries :
* Local Libraries :
* From [PSPICE NETLIST] section of C:\Users\asada\AppData\Roaming\SPB_Data\cdssetup\OrCAD_PSpice\17.2.0\PSpice.ini file:
.lib "nomd.lib" 

*Analysis directives: 
.DC LIN V_V1 0 10 0.1 
.OPTIONS ADVCONV
.PROBE64 V(alias(*)) I(alias(*)) W(alias(*)) D(alias(*)) NOISE(alias(*)) 
.INC "..\SCHEMATIC1.net" 



**** INCLUDING SCHEMATIC1.net ****
* source LAB11
X_U1         N00046 N00046 0 2N7000
V_V1         N00046 0 0Vdc

**** RESUMING si11.cir ****
.END

**** 03/26/25 17:12:20 ******* PSpice Lite (March 2016) ******* ID# 10813 ****

 ** Profile: "SCHEMATIC1-si11"  [ C:\Users\asada\Desktop\Assignments and Resources\Basic Electronics\Lab03\lab11-PSpiceFiles\SCHEMATI


 ****     Diode MODEL PARAMETERS


******************************************************************************




               X_U1.DBD        
          IS   48.116150E-15 
          BV   75            
         IBV   10.000000E-06 
          RS    1.000000E-06 
          TT   30.000000E-09 
         CJO   16.940000E-12 
          VJ     .5          
           M     .2          


**** 03/26/25 17:12:20 ******* PSpice Lite (March 2016) ******* ID# 10813 ****

 ** Profile: "SCHEMATIC1-si11"  [ C:\Users\asada\Desktop\Assignments and Resources\Basic Electronics\Lab03\lab11-PSpiceFiles\SCHEMATI


 ****     MOSFET MODEL PARAMETERS


******************************************************************************




               X_U1.MINT       
               NMOS            
       LEVEL    3            
           L  100.000000E-06 
           W  100.000000E-06 
         VTO    2.148821     
          KP     .5106       
       GAMMA    0            
         PHI     .6          
      LAMBDA    0            
          IS    1.000000E-24 
          JS    0            
          PB     .8          
        PBSW     .8          
          CJ    0            
        CJSW    0            
        CGSO    0            
        CGDO    0            
        CGBO    0            
         TOX  100.000000E-09 
          XJ    0            
       UCRIT   10.000000E+03 
        VMAX    1.000000E+03 
         ETA    0            
      DIOMOD    1            
         VFB    0            
        LETA    0            
        WETA    0            
          U0  600            
        TEMP    0            
         VDD    5            
       XPART    0            



          JOB CONCLUDED

**** 03/26/25 17:12:20 ******* PSpice Lite (March 2016) ******* ID# 10813 ****

 ** Profile: "SCHEMATIC1-si11"  [ C:\Users\asada\Desktop\Assignments and Resources\Basic Electronics\Lab03\lab11-PSpiceFiles\SCHEMATI


 ****     JOB STATISTICS SUMMARY


******************************************************************************



  Total job time (using Solver 1)   =         .09
