
**** 04/04/25 14:43:58 ******* PSpice Lite (March 2016) ******* ID# 10813 ****

 ** Profile: "SCHEMATIC1-sif"  [ C:\Users\asada\Desktop\Assignments and Resources\Basic Electronics\Lab03\fin-PSpiceFiles\SCHEMATIC1\


 ****     CIRCUIT DESCRIPTION


******************************************************************************




** Creating circuit file "sif.cir" 
** WARNING: THIS AUTOMATICALLY GENERATED FILE MAY BE OVERWRITTEN BY SUBSEQUENT SIMULATIONS

*Libraries: 
* Profile Libraries :
* Local Libraries :
* From [PSPICE NETLIST] section of C:\Users\asada\AppData\Roaming\SPB_Data\cdssetup\OrCAD_PSpice\17.2.0\PSpice.ini file:
.lib "nomd.lib" 

*Analysis directives: 
.DC LIN V_V1 -10 10 0.01 
.OPTIONS ADVCONV
.PROBE64 V(alias(*)) I(alias(*)) W(alias(*)) D(alias(*)) NOISE(alias(*)) 
.INC "..\SCHEMATIC1.net" 



**** INCLUDING SCHEMATIC1.net ****
* source FIN
V_V1         N00297 0 0Vdc
V_V2         0 N00697 5
V_V3         N00744 0 5
R_R1         N00297 N00316  10k TC=0,0 
V_V4         N00316 N00744 2
V_V5         N00697 N00316 1

**** RESUMING sif.cir ****
.END

ERROR(ORPSIM-15143): Voltage source and/or inductor loop involving V_V5. You may break the loop by adding a series resistance
